temperature: <float>
	0	125.46730804443
	1	125.15542602539
	2	124.8443145752
	3	125.15542602539
	4	125.15542602539
	5	124.8443145752
	6	124.53391265869
	7	124.8443145752
