0 0
1 4
2 0
3 2
4 0
5 1
0 2
1 6
2 4
3 6
4 4
5 5
0 3
1 7
2 5
3 7
4 6
5 7
0 1
1 5
2 1
3 3
4 2
5 3
