mat: <smallmatrix_double_3_3>
  . == live  x == dead
	0 .	0.11 0.11 0.11 
		0.22 0.22 0.22 
		0.33 0.33 0.33 
	1 .	1.11 0.11 0.11 
		0.22 1.22 0.22 
		0.33 0.33 1.33 
	2 .	2.11 0.11 0.11 
		0.22 2.22 0.22 
		0.33 0.33 2.33 
	3 .	3.11 0.11 0.11 
		0.22 3.22 0.22 
		0.33 0.33 3.33 
	4 .	4.11 0.11 0.11 
		0.22 4.22 0.22 
		0.33 0.33 4.33 
	5 .	5.11 0.11 0.11 
		0.22 5.22 0.22 
		0.33 0.33 5.33 
mat: <smallmatrix_double_3_3>
  . == live  x == dead
	0 .	0.165 0.165 0.165 
		0.33 0.33 0.33 
		0.495 0.495 0.495 
	1 .	1.165 0.165 0.165 
		0.33 1.33 0.33 
		0.495 0.495 1.495 
	2 .	2.165 0.165 0.165 
		0.33 2.33 0.33 
		0.495 0.495 2.495 
	3 .	3.165 0.165 0.165 
		0.33 3.33 0.33 
		0.495 0.495 3.495 
	4 .	4.165 0.165 0.165 
		0.33 4.33 0.33 
		0.495 0.495 4.495 
	5 .	5.165 0.165 0.165 
		0.33 5.33 0.33 
		0.495 0.495 5.495 
	6 .	6.165 0.165 0.165 
		0.33 6.33 0.33 
		0.495 0.495 6.495 
	7 .	7.165 0.165 0.165 
		0.33 7.33 0.33 
		0.495 0.495 7.495 
