mat: <matrix_double_3_3>
	0	0.11 0.11 0.11 
		0.22 0.22 0.22 
		0.33 0.33 0.33 
	1	1.11 0.11 0.11 
		0.22 1.22 0.22 
		0.33 0.33 1.33 
	2	2.11 0.11 0.11 
		0.22 2.22 0.22 
		0.33 0.33 2.33 
	3	3.11 0.11 0.11 
		0.22 3.22 0.22 
		0.33 0.33 3.33 
	4	4.11 0.11 0.11 
		0.22 4.22 0.22 
		0.33 0.33 4.33 
	5	5.11 0.11 0.11 
		0.22 5.22 0.22 
		0.33 0.33 5.33 
	6	6.11 0.11 0.11 
		0.22 6.22 0.22 
		0.33 0.33 6.33 
	7	7.11 0.11 0.11 
		0.22 7.22 0.22 
		0.33 0.33 7.33 
mat: <matrix_double_3_3>
	0	0.44 0.44 0.44 
		0.88 0.88 0.88 
		1.32 1.32 1.32 
	1	1.44 0.44 0.44 
		0.88 1.88 0.88 
		1.32 1.32 2.32 
	2	2.44 0.44 0.44 
		0.88 2.88 0.88 
		1.32 1.32 3.32 
	3	3.44 0.44 0.44 
		0.88 3.88 0.88 
		1.32 1.32 4.32 
	4	4.44 0.44 0.44 
		0.88 4.88 0.88 
		1.32 1.32 5.32 
	5	5.44 0.44 0.44 
		0.88 5.88 0.88 
		1.32 1.32 6.32 
