v1: <double>
  . == live  x == dead
	0 .	0
	1 .	1
	2 .	2
	3 .	3
	4 .	4
v2: <vector_double_2>
  . == live  x == dead
	0 0 .	0 0 
	1 0 .	2 0 
	0 1 .	0 1 
	1 1 .	2 1 
	0 2 .	0 2 
	1 2 .	2 2 
v3: <vector_double_3>
  . == live  x == dead
	0 0 0 .	0 0 0 
	1 0 0 .	3 0 0 
	2 0 0 .	6 0 0 
	0 1 0 .	0 1 0 
	1 1 0 .	3 1 0 
	2 1 0 .	6 1 0 
	0 0 1 .	0 0 1 
	1 0 1 .	3 0 1 
	2 0 1 .	6 0 1 
	0 1 1 .	0 1 1 
	1 1 1 .	3 1 1 
	2 1 1 .	6 1 1 
