0.000000
1.000000
1.259921
1.442250
1.587401
1.709976
1.817121
1.912931
2.000000
2.080084
2.154435
2.223980
2.289428
2.351335
2.410142
2.466212
2.519842
2.571282
2.620741
2.668402
2.714418
2.758924
2.802039
2.843867
2.884499
2.924018
2.962496
3.000000
3.036589
3.072317
3.107233
3.141381

0
1
1.2599210498949
1.4422495703074
1.5874010519682
1.7099759466767
1.8171205928321
1.9129311827724
2
2.0800838230519
2.1544346900319
2.2239800905693
2.2894284851067
2.3513346877208
2.4101422641752
2.4662120743305
2.5198420997897
2.5712815906582
2.6207413942089
2.6684016487219
2.7144176165949
2.7589241763811
2.8020393306554
2.8438669798516
2.8844991406148
2.9240177382129
2.9624960684074
3
3.0365889718757
3.0723168256858
3.1072325059539
3.1413806523914
3.1748021039364
