true
true
true
true
true
true
{ { 1.200000 0.000000 } { 0.400000 1.000000 } }
{ { 1.200000 0.000000 } { 0.400000 1.000000 } }
{ { 1.200000 0.000000 } { 0.400000 1.000000 } }
{ { 1.200000 0.000000 } { 0.400000 1.000000 } }
{ { 1.200000 0.000000 } { 0.400000 1.000000 } }
{ { 1.200000 0.000000 } { 0.400000 1.000000 } }
4
4
4
4
4
4
2.200000
2.200000
2.200000
2.200000
2.200000
2.200000






1 2 3 4 5 false { 3.300000 3.300000 }
1 2 3 4 5 false { 3.300000 3.300000 }
1 2 3 4 5 false { 3.300000 3.300000 }
1 2 3 4 5 false { 3.300000 3.300000 }
1 2 3 4 5 false { 3.300000 3.300000 }
1 2 3 4 5 false { 3.300000 3.300000 }
5
5
5
5
5
5
{ 1.000000 2.000000 3.000000 }
{ 1.000000 2.000000 3.000000 }
{ 1.000000 2.000000 3.000000 }
{ 1.000000 2.000000 3.000000 }
{ 1.000000 2.000000 3.000000 }
{ 1.000000 2.000000 3.000000 }
